[31m- Reference: test.go:(2:8)-(2:36) -> test.go:(5:8)-(5:11)
[0m[31m- Definition: test.go:(4:5)-(4:14) -> test.go:(4:5)-(4:14)
[0m[31m- Moniker: test.go:(4:5)-(4:14) -> export:gomod:github.com/sourcegraph/sourcegraph/lib@v3.25.0-3f0a00693ea0:github.com/sourcegraph/sourcegraph/lib/codeintel/semantic/diff/testdata/project1:Function1
[0m[31m- Reference: test.go:(5:8)-(5:11) -> test.go:(5:8)-(5:11)
[0m[32m+ Reference: test.go:(5:12)-(5:16) -> test.go:(5:12)-(5:16)
[0m[32m+ Hover: test.go:(9:1)-(9:7)
[0m[32m    ```go
[0m[32m    struct field Field1 int
[0m[32m    ```
[0m[32m+ Moniker: test.go:(9:1)-(9:7) -> export:gomod:github.com/sourcegraph/sourcegraph/lib@v3.25.0-3f0a00693ea0:github.com/sourcegraph/sourcegraph/lib/codeintel/semantic/diff/testdata/project1:Struct1.Field1
[0m[31m- Hover: test.go:(11:1)-(11:7)
[0m[31m    ```go
[0m[31m    struct field field3 string
[0m[31m    ```
[0m[32m+ Definition: test.go:(11:1)-(11:7) -> test.go:(11:1)-(11:7)
[0m[31m- MonikerDefinition: gomod:github.com/sourcegraph/sourcegraph/lib/codeintel/semantic/diff/testdata/project1:Function1 -> test.go:(4:5)-(4:14)
[0m[32m+ MonikerDefinition: gomod:github.com/sourcegraph/sourcegraph/lib/codeintel/semantic/diff/testdata/project1:Struct1.Field1 -> test.go:(9:1)-(9:7)
[0m[31m- MonikerReference: gomod:github.com/google/go-cmp/cmp -> test.go:(5:8)-(5:11)
[0m[32m+ MonikerReference: gomod:github.com/google/go-cmp/cmp:Diff -> test.go:(5:12)-(5:16)
[0m[31m- MonikerReference: gomod:github.com/sourcegraph/sourcegraph/lib/codeintel/semantic/diff/testdata/project1:Function1 -> test.go:(4:5)-(4:14)
[0m[32m+ MonikerReference: gomod:github.com/sourcegraph/sourcegraph/lib/codeintel/semantic/diff/testdata/project1:Struct1.Field1 -> test.go:(9:1)-(9:7)
[0m